19:25:09 **** Auto Build of configuration Debug for project neopixel_test ****
make all 
Building file: ../src/helloworld.c
Invoking: MicroBlaze gcc compiler
mb-gcc -Wall -O0 -g3 -c -fmessage-length=0 -I../../neopixel_test_bsp/mojo_mb/include -mno-xl-reorder -mlittle-endian -mcpu=v8.40.a -mxl-soft-mul -Wl,--no-relax -ffunction-sections -fdata-sections -MMD -MP -MF"src/helloworld.d" -MT"src/helloworld.d" -o "src/helloworld.o" "../src/helloworld.c"
Finished building: ../src/helloworld.c
 
Building target: neopixel_test.elf
Invoking: MicroBlaze gcc linker
mb-gcc -Wl,-T -Wl,../src/lscript.ld -L../../neopixel_test_bsp/mojo_mb/lib -mlittle-endian -mcpu=v8.40.a -mxl-soft-mul -Wl,--no-relax -Wl,--gc-sections -o "neopixel_test.elf"  ./src/helloworld.o ./src/platform.o   -Wl,--start-group,-lxil,-lgcc,-lc,--end-group
Finished building target: neopixel_test.elf
 
Invoking: MicroBlaze Print Size
mb-size neopixel_test.elf  |tee "neopixel_test.elf.size"
   text	   data	    bss	    dec	    hex	filename
   3970	    344	   2270	   6584	   19b8	neopixel_test.elf
Finished building: neopixel_test.elf.size
 
Invoking: Xilinx ELF Check
elfcheck neopixel_test.elf -hw ../../neopixel_hw_platform/system.xml -pe mojo_mb  |tee "neopixel_test.elf.elfcheck"
elfcheck
Xilinx EDK 14.7 Build EDK_P.20131013
Copyright (c) 1995-2012 Xilinx, Inc.  All rights reserved.

Command Line: elfcheck -hw ../../neopixel_hw_platform/system.xml -pe mojo_mb
neopixel_test.elf 

ELF file	: neopixel_test.elf
elfcheck passed.
Finished building: neopixel_test.elf.elfcheck
 

19:25:12 Build Finished (took 3s.438ms)

