00:37:44 **** Build of configuration Debug for project perip_test ****
make all 
'Building file: ../src/helloworld.c'
'Invoking: MicroBlaze gcc compiler'
mb-gcc -Wall -O0 -g3 -c -fmessage-length=0 -I../../neopixel_test_bsp/mojo_mb/include -mno-xl-reorder -mlittle-endian -mcpu=v8.40.a -mxl-soft-mul -Wl,--no-relax -ffunction-sections -fdata-sections -MMD -MP -MF"src/helloworld.d" -MT"src/helloworld.d" -o "src/helloworld.o" "../src/helloworld.c"
'Finished building: ../src/helloworld.c'
' '
'Building file: ../src/platform.c'
'Invoking: MicroBlaze gcc compiler'
mb-gcc -Wall -O0 -g3 -c -fmessage-length=0 -I../../neopixel_test_bsp/mojo_mb/include -mno-xl-reorder -mlittle-endian -mcpu=v8.40.a -mxl-soft-mul -Wl,--no-relax -ffunction-sections -fdata-sections -MMD -MP -MF"src/platform.d" -MT"src/platform.d" -o "src/platform.o" "../src/platform.c"
'Finished building: ../src/platform.c'
' '
'Building target: perip_test.elf'
'Invoking: MicroBlaze gcc linker'
mb-gcc -Wl,-T -Wl,../src/lscript.ld -L../../neopixel_test_bsp/mojo_mb/lib -mlittle-endian -mcpu=v8.40.a -mxl-soft-mul -Wl,--no-relax -Wl,--gc-sections -o "perip_test.elf"  ./src/helloworld.o ./src/platform.o   -Wl,--start-group,-lxil,-lgcc,-lc,--end-group
'Finished building target: perip_test.elf'
' '
'Invoking: MicroBlaze Print Size'
mb-size perip_test.elf  |tee "perip_test.elf.size"
   text	   data	    bss	    dec	    hex	filename
   2270	    268	   2084	   4622	   120e	perip_test.elf
'Finished building: perip_test.elf.size'
' '
'Invoking: Xilinx ELF Check'
elfcheck perip_test.elf -hw ../../neopixel_hw_platform/system.xml -pe mojo_mb  |tee "perip_test.elf.elfcheck"
elfcheck
Xilinx EDK 14.7 Build EDK_P.20131013
Copyright (c) 1995-2012 Xilinx, Inc.  All rights reserved.

Command Line: elfcheck -hw ../../neopixel_hw_platform/system.xml -pe mojo_mb
perip_test.elf 

ELF file	: perip_test.elf
elfcheck passed.
'Finished building: perip_test.elf.elfcheck'
' '

00:37:47 Build Finished (took 3s.375ms)

